192.168.30.37 - - [19/Oct/2015:09:31:24 +0800] "GET /webclient/ljf/WebPlayer/AssetBundles/Table/pvp_grading.bytes HTTP/1.1" 304 0 "-" "Mozilla/5.0 (Windows NT 6.1; WOW64; Trident/7.0; rv:11.0) like Gecko"
192.168.30.37 - - [19/Oct/2015:09:31:24 +0800] "GET /webclient/ljf/WebPlayer/AssetBundles/Table/full_award.bytes HTTP/1.1" 304 0 "-" "Mozilla/5.0 (Windows NT 6.1; WOW64; Trident/7.0; rv:11.0) like Gecko"
192.168.30.37 - - [19/Oct/2015:09:31:24 +0800] "GET /webclient/ljf/WebPlayer/AssetBundles/Table/vip_weekly.bytes HTTP/1.1" 304 0 "-" "Mozilla/5.0 (Windows NT 6.1; WOW64; Trident/7.0; rv:11.0) like Gecko"
192.168.30.37 - - [19/Oct/2015:09:31:24 +0800] "GET /webclient/ljf/WebPlayer/AssetBundles/Table/total_sign_in.bytes HTTP/1.1" 304 0 "-" "Mozilla/5.0 (Windows NT 6.1; WOW64; Trident/7.0; rv:11.0) like Gecko"
192.168.30.37 - - [19/Oct/2015:09:31:24 +0800] "GET /webclient/ljf/WebPlayer/AssetBundles/Table/tournament_award.bytes HTTP/1.1" 304 0 "-" "Mozilla/5.0 (Windows NT 6.1; WOW64; Trident/7.0; rv:11.0) like Gecko"
192.168.30.37 - - [19/Oct/2015:09:31:24 +0800] "GET /webclient/ljf/WebPlayer/AssetBundles/Table/limited_challenge_hero_collect.bytes HTTP/1.1" 304 0 "-" "Mozilla/5.0 (Windows NT 6.1; WOW64; Trident/7.0; rv:11.0) like Gecko"
192.168.30.37 - - [19/Oct/2015:09:31:24 +0800] "GET /webclient/ljf/WebPlayer/AssetBundles/Table/limited_challenge_lottery.bytes HTTP/1.1" 304 0 "-" "Mozilla/5.0 (Windows NT 6.1; WOW64; Trident/7.0; rv:11.0) like Gecko"
192.168.30.37 - - [19/Oct/2015:09:31:24 +0800] "GET /webclient/ljf/WebPlayer/AssetBundles/Table/limited_challenge_shopping.bytes HTTP/1.1" 304 0 "-" "Mozilla/5.0 (Windows NT 6.1; WOW64; Trident/7.0; rv:11.0) like Gecko"
192.168.30.37 - - [19/Oct/2015:09:31:24 +0800] "GET /webclient/ljf/WebPlayer/AssetBundles/Table/limited_challenge_hero_star.bytes HTTP/1.1" 304 0 "-" "Mozilla/5.0 (Windows NT 6.1; WOW64; Trident/7.0; rv:11.0) like Gecko"
192.168.30.37 - - [19/Oct/2015:09:31:24 +0800] "GET /webclient/ljf/WebPlayer/AssetBundles/Table/limited_mission_info.bytes HTTP/1.1" 304 0 "-" "Mozilla/5.0 (Windows NT 6.1; WOW64; Trident/7.0; rv:11.0) like Gecko"
192.168.30.37 - - [19/Oct/2015:09:31:24 +0800] "GET /webclient/ljf/WebPlayer/AssetBundles/Table/limited_mission_item.bytes HTTP/1.1" 304 0 "-" "Mozilla/5.0 (Windows NT 6.1; WOW64; Trident/7.0; rv:11.0) like Gecko"
192.168.30.37 - - [19/Oct/2015:09:31:24 +0800] "GET /webclient/AssetBundles/Config.unity3d HTTP/1.1" 304 0 "-" "Mozilla/5.0 (Windows NT 6.1; WOW64; Trident/7.0; rv:11.0) like Gecko"
192.168.30.37 - - [19/Oct/2015:09:31:24 +0800] "GET /webclient/AssetBundles/Scene/Level_MainScene_1.unity3d HTTP/1.1" 304 0 "-" "Mozilla/5.0 (Windows NT 6.1; WOW64; Trident/7.0; rv:11.0) like Gecko"
192.168.30.37 - - [19/Oct/2015:09:31:25 +0800] "GET /webclient/AssetBundles/Scene/Level_MainScene_2.unity3d HTTP/1.1" 304 0 "-" "Mozilla/5.0 (Windows NT 6.1; WOW64; Trident/7.0; rv:11.0) like Gecko"
192.168.30.37 - - [19/Oct/2015:09:31:25 +0800] "GET /webclient/AssetBundles/Scene/Level_MainScene_3.unity3d HTTP/1.1" 304 0 "-" "Mozilla/5.0 (Windows NT 6.1; WOW64; Trident/7.0; rv:11.0) like Gecko"
192.168.30.37 - - [19/Oct/2015:09:31:25 +0800] "GET /webclient/AssetBundles/Scene/Level_MainScene_4.unity3d HTTP/1.1" 304 0 "-" "Mozilla/5.0 (Windows NT 6.1; WOW64; Trident/7.0; rv:11.0) like Gecko"
192.168.30.37 - - [19/Oct/2015:09:31:25 +0800] "GET /webclient/AssetBundles/Scene/Level_MainScene_5.unity3d HTTP/1.1" 304 0 "-" "Mozilla/5.0 (Windows NT 6.1; WOW64; Trident/7.0; rv:11.0) like Gecko"
192.168.30.37 - - [19/Oct/2015:09:31:25 +0800] "GET /webclient/AssetBundles/Scene/Level_MainScene_6.unity3d HTTP/1.1" 304 0 "-" "Mozilla/5.0 (Windows NT 6.1; WOW64; Trident/7.0; rv:11.0) like Gecko"
192.168.30.37 - - [19/Oct/2015:09:31:25 +0800] "GET /webclient/AssetBundles/Scene/Level_MainScene_7.unity3d HTTP/1.1" 304 0 "-" "Mozilla/5.0 (Windows NT 6.1; WOW64; Trident/7.0; rv:11.0) like Gecko"
192.168.30.37 - - [19/Oct/2015:09:31:25 +0800] "GET /webclient/AssetBundles/Scene/Level_MainScene_8.unity3d HTTP/1.1" 304 0 "-" "Mozilla/5.0 (Windows NT 6.1; WOW64; Trident/7.0; rv:11.0) like Gecko"
192.168.30.37 - - [19/Oct/2015:09:31:25 +0800] "GET /dir/bulletin?random=19.02196&sign=29fc01a417973efa6d733a45bc78f647 HTTP/1.1" 200 4791 "-" "Mozilla/5.0 (Windows NT 6.1; WOW64; Trident/7.0; rv:11.0) like Gecko"
10.0.128.223 - - [19/Oct/2015:09:31:28 +0800] "GET /cc/report?zid=6&online=0 HTTP/1.1" 200 5 "-" "-"
192.168.30.37 - - [19/Oct/2015:09:31:30 +0800] "GET /webclient/AssetBundles/Config.unity3d HTTP/1.1" 304 0 "-" "Mozilla/5.0 (Windows NT 6.1; WOW64; Trident/7.0; rv:11.0) like Gecko"
192.168.30.37 - - [19/Oct/2015:09:31:31 +0800] "GET /dir/1?token=empty&uid=404766534&random=20.02543&sign=5dd052dc968c27754a70ae4122066a93 HTTP/1.1" 200 640 "-" "Mozilla/5.0 (Windows NT 6.1; WOW64; Trident/7.0; rv:11.0) like Gecko"
10.0.128.223 - - [19/Oct/2015:09:31:31 +0800] "GET /cc/speed_check_config HTTP/1.1" 200 15 "-" "-"
10.0.128.223 - - [19/Oct/2015:09:31:31 +0800] "GET /cc/package_sign HTTP/1.1" 200 5 "-" "-"
192.168.30.37 - - [19/Oct/2015:09:31:32 +0800] "GET /dir/5?token=empty&uid=404766534&c=10&random=21.36506&sign=732f0f1c6d64016cc6a4319518b8e392 HTTP/1.1" 200 303 "-" "Mozilla/5.0 (Windows NT 6.1; WOW64; Trident/7.0; rv:11.0) like Gecko"
192.168.30.37 - - [19/Oct/2015:09:31:32 +0800] "GET /dir/2?token=empty&uid=404766534&sid=101&random=21.36506&sign=61e10ca976bf8b017b12245f8e071f3e HTTP/1.1" 200 135 "-" "Mozilla/5.0 (Windows NT 6.1; WOW64; Trident/7.0; rv:11.0) like Gecko"
192.168.30.37 - - [19/Oct/2015:09:31:34 +0800] "GET /webclient/AssetBundles/UI/Texture/FigureRD/boss59_jianniang.unity3d HTTP/1.1" 304 0 "-" "Mozilla/5.0 (Windows NT 6.1; WOW64; Trident/7.0; rv:11.0) like Gecko"
192.168.30.37 - - [19/Oct/2015:09:31:35 +0800] "GET /webclient/AssetBundles/UI/Texture/FigureRD/boss62_zhaoyun.unity3d HTTP/1.1" 304 0 "-" "Mozilla/5.0 (Windows NT 6.1; WOW64; Trident/7.0; rv:11.0) like Gecko"
192.168.30.37 - - [19/Oct/2015:09:31:35 +0800] "GET /webclient/AssetBundles/FX/VFX/Foot_F.unity3d HTTP/1.1" 304 0 "-" "Mozilla/5.0 (Windows NT 6.1; WOW64; Trident/7.0; rv:11.0) like Gecko"
192.168.30.37 - - [19/Oct/2015:09:31:35 +0800] "GET /webclient/AssetBundles/FX/VFX/CSM_01.unity3d HTTP/1.1" 304 0 "-" "Mozilla/5.0 (Windows NT 6.1; WOW64; Trident/7.0; rv:11.0) like Gecko"
192.168.30.37 - - [19/Oct/2015:09:31:35 +0800] "GET /webclient/AssetBundles/FX/VFX/FB_01.unity3d HTTP/1.1" 304 0 "-" "Mozilla/5.0 (Windows NT 6.1; WOW64; Trident/7.0; rv:11.0) like Gecko"
192.168.30.37 - - [19/Oct/2015:09:31:35 +0800] "GET /webclient/AssetBundles/Models/Char/k/k.unity3d HTTP/1.1" 304 0 "-" "Mozilla/5.0 (Windows NT 6.1; WOW64; Trident/7.0; rv:11.0) like Gecko"
192.168.30.37 - - [19/Oct/2015:09:31:35 +0800] "GET /webclient/AssetBundles/Models/Char/yingmu/yingmu.unity3d HTTP/1.1" 304 0 "-" "Mozilla/5.0 (Windows NT 6.1; WOW64; Trident/7.0; rv:11.0) like Gecko"
192.168.30.37 - - [19/Oct/2015:09:31:35 +0800] "GET /webclient/AssetBundles/Models/Char/mm/mm.unity3d HTTP/1.1" 304 0 "-" "Mozilla/5.0 (Windows NT 6.1; WOW64; Trident/7.0; rv:11.0) like Gecko"
192.168.30.37 - - [19/Oct/2015:09:31:35 +0800] "GET /webclient/AssetBundles/Scene/S_HuiSuo.unity3d HTTP/1.1" 304 0 "-" "Mozilla/5.0 (Windows NT 6.1; WOW64; Trident/7.0; rv:11.0) like Gecko"
192.168.30.37 - - [19/Oct/2015:09:31:35 +0800] "GET /webclient/AssetBundles/Scene/Level_MainScene_8.unity3d HTTP/1.1" 304 0 "-" "Mozilla/5.0 (Windows NT 6.1; WOW64; Trident/7.0; rv:11.0) like Gecko"
192.168.30.37 - - [19/Oct/2015:09:31:36 +0800] "GET /webclient/AssetBundles/UI/Texture/FigureSM/k.unity3d HTTP/1.1" 304 0 "-" "Mozilla/5.0 (Windows NT 6.1; WOW64; Trident/7.0; rv:11.0) like Gecko"
192.168.30.37 - - [19/Oct/2015:09:31:36 +0800] "GET /webclient/AssetBundles/UI/Texture/Icon/Common/ptd10.unity3d HTTP/1.1" 304 0 "-" "Mozilla/5.0 (Windows NT 6.1; WOW64; Trident/7.0; rv:11.0) like Gecko"
192.168.30.37 - - [19/Oct/2015:09:31:36 +0800] "GET /webclient/AssetBundles/UI/Texture/Icon/Common/55xing.unity3d HTTP/1.1" 304 0 "-" "Mozilla/5.0 (Windows NT 6.1; WOW64; Trident/7.0; rv:11.0) like Gecko"
192.168.30.37 - - [19/Oct/2015:09:31:36 +0800] "GET /webclient/AssetBundles/UI/Texture/FigureSM/boss15.unity3d HTTP/1.1" 304 0 "-" "Mozilla/5.0 (Windows NT 6.1; WOW64; Trident/7.0; rv:11.0) like Gecko"
192.168.30.37 - - [19/Oct/2015:09:31:36 +0800] "GET /webclient/AssetBundles/UI/Texture/Icon/Common/ptd2.unity3d HTTP/1.1" 304 0 "-" "Mozilla/5.0 (Windows NT 6.1; WOW64; Trident/7.0; rv:11.0) like Gecko"
192.168.30.37 - - [19/Oct/2015:09:31:36 +0800] "GET /webclient/AssetBundles/UI/Texture/Icon/Common/66xing.unity3d HTTP/1.1" 304 0 "-" "Mozilla/5.0 (Windows NT 6.1; WOW64; Trident/7.0; rv:11.0) like Gecko"
192.168.30.37 - - [19/Oct/2015:09:31:36 +0800] "GET /webclient/AssetBundles/UI/Texture/FigureSM/boss48_youzhu.unity3d HTTP/1.1" 304 0 "-" "Mozilla/5.0 (Windows NT 6.1; WOW64; Trident/7.0; rv:11.0) like Gecko"
192.168.30.37 - - [19/Oct/2015:09:31:36 +0800] "GET /webclient/AssetBundles/UI/Texture/FigureSM/boss45_bingzhang.unity3d HTTP/1.1" 304 0 "-" "Mozilla/5.0 (Windows NT 6.1; WOW64; Trident/7.0; rv:11.0) like Gecko"
192.168.30.37 - - [19/Oct/2015:09:31:36 +0800] "GET /webclient/AssetBundles/UI/Texture/Icon/Common/ptd3.unity3d HTTP/1.1" 304 0 "-" "Mozilla/5.0 (Windows NT 6.1; WOW64; Trident/7.0; rv:11.0) like Gecko"
192.168.30.37 - - [19/Oct/2015:09:31:36 +0800] "GET /webclient/AssetBundles/UI/Texture/FigureSM/boss25.unity3d HTTP/1.1" 304 0 "-" "Mozilla/5.0 (Windows NT 6.1; WOW64; Trident/7.0; rv:11.0) like Gecko"
192.168.30.37 - - [19/Oct/2015:09:31:36 +0800] "GET /webclient/AssetBundles/UI/Texture/FigureSM/boss28.unity3d HTTP/1.1" 304 0 "-" "Mozilla/5.0 (Windows NT 6.1; WOW64; Trident/7.0; rv:11.0) like Gecko"
192.168.30.37 - - [19/Oct/2015:09:31:36 +0800] "GET /webclient/AssetBundles/UI/Texture/FigureSM/boss21.unity3d HTTP/1.1" 304 0 "-" "Mozilla/5.0 (Windows NT 6.1; WOW64; Trident/7.0; rv:11.0) like Gecko"
192.168.30.37 - - [19/Oct/2015:09:31:36 +0800] "GET /webclient/AssetBundles/UI/Texture/Icon/Common/ptd1.unity3d HTTP/1.1" 304 0 "-" "Mozilla/5.0 (Windows NT 6.1; WOW64; Trident/7.0; rv:11.0) like Gecko"
192.168.30.37 - - [19/Oct/2015:09:31:36 +0800] "GET /webclient/AssetBundles/UI/Texture/FigureSM/boss55_bawangwan.unity3d HTTP/1.1" 304 0 "-" "Mozilla/5.0 (Windows NT 6.1; WOW64; Trident/7.0; rv:11.0) like Gecko"
192.168.30.37 - - [19/Oct/2015:09:31:36 +0800] "GET /webclient/AssetBundles/UI/Texture/FigureSM/boss17.unity3d HTTP/1.1" 304 0 "-" "Mozilla/5.0 (Windows NT 6.1; WOW64; Trident/7.0; rv:11.0) like Gecko"
192.168.30.37 - - [19/Oct/2015:09:31:36 +0800] "GET /webclient/AssetBundles/UI/Texture/FigureSM/boss44_sanli.unity3d HTTP/1.1" 304 0 "-" "Mozilla/5.0 (Windows NT 6.1; WOW64; Trident/7.0; rv:11.0) like Gecko"
192.168.30.37 - - [19/Oct/2015:09:31:36 +0800] "GET /webclient/AssetBundles/UI/Texture/FigureSM/boss23.unity3d HTTP/1.1" 304 0 "-" "Mozilla/5.0 (Windows NT 6.1; WOW64; Trident/7.0; rv:11.0) like Gecko"
192.168.30.37 - - [19/Oct/2015:09:31:36 +0800] "GET /webclient/AssetBundles/UI/Texture/FigureSM/boss34_lvjuren.unity3d HTTP/1.1" 304 0 "-" "Mozilla/5.0 (Windows NT 6.1; WOW64; Trident/7.0; rv:11.0) like Gecko"
192.168.30.37 - - [19/Oct/2015:09:31:36 +0800] "GET /webclient/AssetBundles/UI/Texture/FigureSM/boss24.unity3d HTTP/1.1" 304 0 "-" "Mozilla/5.0 (Windows NT 6.1; WOW64; Trident/7.0; rv:11.0) like Gecko"
192.168.30.37 - - [19/Oct/2015:09:31:36 +0800] "GET /webclient/AssetBundles/UI/Texture/FigureSM/boss22.unity3d HTTP/1.1" 304 0 "-" "Mozilla/5.0 (Windows NT 6.1; WOW64; Trident/7.0; rv:11.0) like Gecko"
192.168.30.37 - - [19/Oct/2015:09:31:36 +0800] "GET /webclient/AssetBundles/UI/Texture/FigureSM/boss13.unity3d HTTP/1.1" 304 0 "-" "Mozilla/5.0 (Windows NT 6.1; WOW64; Trident/7.0; rv:11.0) like Gecko"
192.168.30.37 - - [19/Oct/2015:09:31:36 +0800] "GET /webclient/AssetBundles/UI/Texture/Icon/Common/ptd9.unity3d HTTP/1.1" 304 0 "-" "Mozilla/5.0 (Windows NT 6.1; WOW64; Trident/7.0; rv:11.0) like Gecko"
192.168.30.37 - - [19/Oct/2015:09:31:36 +0800] "GET /webclient/AssetBundles/UI/Texture/FigureSM/boss53_chunli.unity3d HTTP/1.1" 304 0 "-" "Mozilla/5.0 (Windows NT 6.1; WOW64; Trident/7.0; rv:11.0) like Gecko"
192.168.30.37 - - [19/Oct/2015:09:31:36 +0800] "GET /webclient/AssetBundles/UI/Texture/FigureSM/boss32_heishoudang.unity3d HTTP/1.1" 304 0 "-" "Mozilla/5.0 (Windows NT 6.1; WOW64; Trident/7.0; rv:11.0) like Gecko"
192.168.30.37 - - [19/Oct/2015:09:31:36 +0800] "GET /webclient/AssetBundles/UI/Texture/FigureSM/boss46_jianxin.unity3d HTTP/1.1" 304 0 "-" "Mozilla/5.0 (Windows NT 6.1; WOW64; Trident/7.0; rv:11.0) like Gecko"
192.168.30.37 - - [19/Oct/2015:09:31:36 +0800] "GET /webclient/AssetBundles/UI/Texture/FigureSM/boss14.unity3d HTTP/1.1" 304 0 "-" "Mozilla/5.0 (Windows NT 6.1; WOW64; Trident/7.0; rv:11.0) like Gecko"
192.168.30.37 - - [19/Oct/2015:09:31:36 +0800] "GET /webclient/AssetBundles/UI/Texture/FigureSM/boss59_jianniang.unity3d HTTP/1.1" 304 0 "-" "Mozilla/5.0 (Windows NT 6.1; WOW64; Trident/7.0; rv:11.0) like Gecko"
192.168.30.37 - - [19/Oct/2015:09:31:36 +0800] "GET /webclient/AssetBundles/UI/Texture/FigureSM/boss52_dashe.unity3d HTTP/1.1" 304 0 "-" "Mozilla/5.0 (Windows NT 6.1; WOW64; Trident/7.0; rv:11.0) like Gecko"
192.168.30.37 - - [19/Oct/2015:09:31:36 +0800] "GET /webclient/AssetBundles/UI/Texture/FigureSM/boss27.unity3d HTTP/1.1" 304 0 "-" "Mozilla/5.0 (Windows NT 6.1; WOW64; Trident/7.0; rv:11.0) like Gecko"
10.0.128.228 - - [19/Oct/2015:09:31:36 +0800] "GET /cc/speed_check_config HTTP/1.1" 200 15 "-" "-"
10.0.128.228 - - [19/Oct/2015:09:31:36 +0800] "GET /cc/package_sign HTTP/1.1" 200 5 "-" "-"
192.168.30.37 - - [19/Oct/2015:09:31:36 +0800] "GET /webclient/AssetBundles/UI/Texture/FigureSM/boss62_zhaoyun.unity3d HTTP/1.1" 304 0 "-" "Mozilla/5.0 (Windows NT 6.1; WOW64; Trident/7.0; rv:11.0) like Gecko"
192.168.30.37 - - [19/Oct/2015:09:31:36 +0800] "GET /webclient/AssetBundles/UI/Texture/Icon/Common/ptd5.unity3d HTTP/1.1" 304 0 "-" "Mozilla/5.0 (Windows NT 6.1; WOW64; Trident/7.0; rv:11.0) like Gecko"
192.168.30.37 - - [19/Oct/2015:09:31:36 +0800] "GET /webclient/AssetBundles/UI/Texture/FigureSM/boss60_nilu.unity3d HTTP/1.1" 304 0 "-" "Mozilla/5.0 (Windows NT 6.1; WOW64; Trident/7.0; rv:11.0) like Gecko"
192.168.30.37 - - [19/Oct/2015:09:31:36 +0800] "GET /webclient/AssetBundles/UI/Texture/FigureSM/boss57_jingcha.unity3d HTTP/1.1" 304 0 "-" "Mozilla/5.0 (Windows NT 6.1; WOW64; Trident/7.0; rv:11.0) like Gecko"
192.168.30.37 - - [19/Oct/2015:09:31:36 +0800] "GET /webclient/AssetBundles/UI/Texture/FigureSM/boss49_Elsa.unity3d HTTP/1.1" 304 0 "-" "Mozilla/5.0 (Windows NT 6.1; WOW64; Trident/7.0; rv:11.0) like Gecko"
192.168.30.37 - - [19/Oct/2015:09:31:37 +0800] "GET /webclient/AssetBundles/UI/Texture/Icon/Common/ptd7.unity3d HTTP/1.1" 304 0 "-" "Mozilla/5.0 (Windows NT 6.1; WOW64; Trident/7.0; rv:11.0) like Gecko"
192.168.30.37 - - [19/Oct/2015:09:31:37 +0800] "GET /webclient/AssetBundles/FX/VFX/UI_VFX_013.unity3d HTTP/1.1" 304 0 "-" "Mozilla/5.0 (Windows NT 6.1; WOW64; Trident/7.0; rv:11.0) like Gecko"
192.168.30.37 - - [19/Oct/2015:09:31:37 +0800] "GET /webclient/AssetBundles/FX/VFX/UI_ShouChong.unity3d HTTP/1.1" 304 0 "-" "Mozilla/5.0 (Windows NT 6.1; WOW64; Trident/7.0; rv:11.0) like Gecko"
192.168.30.37 - - [19/Oct/2015:09:31:37 +0800] "GET /webclient/AssetBundles/Models/Char/boss63_maotouying/boss63_maotouying.unity3d HTTP/1.1" 304 0 "-" "Mozilla/5.0 (Windows NT 6.1; WOW64; Trident/7.0; rv:11.0) like Gecko"
192.168.30.37 - - [19/Oct/2015:09:31:37 +0800] "GET /webclient/AssetBundles/Models/Char/npc_4/npc_4.unity3d HTTP/1.1" 304 0 "-" "Mozilla/5.0 (Windows NT 6.1; WOW64; Trident/7.0; rv:11.0) like Gecko"
192.168.30.37 - - [19/Oct/2015:09:31:37 +0800] "GET /webclient/AssetBundles/Models/Char/boss59_jianniang/boss59_jianniang.unity3d HTTP/1.1" 304 0 "-" "Mozilla/5.0 (Windows NT 6.1; WOW64; Trident/7.0; rv:11.0) like Gecko"
192.168.30.37 - - [19/Oct/2015:09:31:37 +0800] "GET /webclient/AssetBundles/Models/Char/npc_2/npc_2.unity3d HTTP/1.1" 304 0 "-" "Mozilla/5.0 (Windows NT 6.1; WOW64; Trident/7.0; rv:11.0) like Gecko"
192.168.30.37 - - [19/Oct/2015:09:31:37 +0800] "GET /webclient/AssetBundles/Models/Char/boss62_zhaoyun/boss62_zhaoyun.unity3d HTTP/1.1" 304 0 "-" "Mozilla/5.0 (Windows NT 6.1; WOW64; Trident/7.0; rv:11.0) like Gecko"
192.168.30.37 - - [19/Oct/2015:09:31:38 +0800] "GET /webclient/AssetBundles/FX/VFX/T_Guoshi.unity3d HTTP/1.1" 304 0 "-" "Mozilla/5.0 (Windows NT 6.1; WOW64; Trident/7.0; rv:11.0) like Gecko"
192.168.30.37 - - [19/Oct/2015:09:31:38 +0800] "GET /webclient/AssetBundles/Config.unity3d HTTP/1.1" 304 0 "-" "Mozilla/5.0 (Windows NT 6.1; WOW64; Trident/7.0; rv:11.0) like Gecko"
192.168.30.37 - - [19/Oct/2015:09:31:38 +0800] "GET /webclient/AssetBundles/UI/Texture/Icon/Item/libao1.unity3d HTTP/1.1" 304 0 "-" "Mozilla/5.0 (Windows NT 6.1; WOW64; Trident/7.0; rv:11.0) like Gecko"
192.168.30.37 - - [19/Oct/2015:09:31:38 +0800] "GET /webclient/AssetBundles/UI/Texture/Icon/Common/jinbi.unity3d HTTP/1.1" 304 0 "-" "Mozilla/5.0 (Windows NT 6.1; WOW64; Trident/7.0; rv:11.0) like Gecko"
192.168.30.37 - - [19/Oct/2015:09:31:38 +0800] "GET /webclient/AssetBundles/FX/VFX/Boss063_S02_Part02.unity3d HTTP/1.1" 304 0 "-" "Mozilla/5.0 (Windows NT 6.1; WOW64; Trident/7.0; rv:11.0) like Gecko"
192.168.30.37 - - [19/Oct/2015:09:31:38 +0800] "GET /webclient/AssetBundles/FX/VFX/Boss063_S02_Part01.unity3d HTTP/1.1" 304 0 "-" "Mozilla/5.0 (Windows NT 6.1; WOW64; Trident/7.0; rv:11.0) like Gecko"
192.168.30.37 - - [19/Oct/2015:09:31:38 +0800] "GET /webclient/AssetBundles/FX/VFX/Weapon_Cip02.unity3d HTTP/1.1" 304 0 "-" "Mozilla/5.0 (Windows NT 6.1; WOW64; Trident/7.0; rv:11.0) like Gecko"
192.168.30.37 - - [19/Oct/2015:09:31:38 +0800] "GET /webclient/AssetBundles/FX/VFX/Clothes_VFX_Glow_Particle.unity3d HTTP/1.1" 304 0 "-" "Mozilla/5.0 (Windows NT 6.1; WOW64; Trident/7.0; rv:11.0) like Gecko"
192.168.30.37 - - [19/Oct/2015:09:31:38 +0800] "GET /webclient/AssetBundles/FX/VFX/BossPC062_S03_Cilp01.unity3d HTTP/1.1" 304 0 "-" "Mozilla/5.0 (Windows NT 6.1; WOW64; Trident/7.0; rv:11.0) like Gecko"
192.168.30.37 - - [19/Oct/2015:09:31:38 +0800] "GET /webclient/AssetBundles/FX/VFX/BossPC062_Trail_Cilp02.unity3d HTTP/1.1" 304 0 "-" "Mozilla/5.0 (Windows NT 6.1; WOW64; Trident/7.0; rv:11.0) like Gecko"
192.168.30.37 - - [19/Oct/2015:09:31:38 +0800] "GET /webclient/AssetBundles/FX/VFX/BossPC062_S03_Cilp02.unity3d HTTP/1.1" 304 0 "-" "Mozilla/5.0 (Windows NT 6.1; WOW64; Trident/7.0; rv:11.0) like Gecko"
192.168.30.37 - - [19/Oct/2015:09:31:38 +0800] "GET /webclient/AssetBundles/FX/VFX/PCA_S02_Part01.unity3d HTTP/1.1" 304 0 "-" "Mozilla/5.0 (Windows NT 6.1; WOW64; Trident/7.0; rv:11.0) like Gecko"
192.168.30.37 - - [19/Oct/2015:09:31:38 +0800] "GET /webclient/AssetBundles/FX/VFX/BossPC062_Trail_Cilp01.unity3d HTTP/1.1" 304 0 "-" "Mozilla/5.0 (Windows NT 6.1; WOW64; Trident/7.0; rv:11.0) like Gecko"
192.168.30.37 - - [19/Oct/2015:09:31:38 +0800] "GET /webclient/AssetBundles/FX/VFX/BossPC062_Trail_Cilp03.unity3d HTTP/1.1" 304 0 "-" "Mozilla/5.0 (Windows NT 6.1; WOW64; Trident/7.0; rv:11.0) like Gecko"
192.168.30.37 - - [19/Oct/2015:09:31:38 +0800] "GET /webclient/AssetBundles/FX/VFX/Clothes_VFX_Glow.unity3d HTTP/1.1" 304 0 "-" "Mozilla/5.0 (Windows NT 6.1; WOW64; Trident/7.0; rv:11.0) like Gecko"
192.168.30.37 - - [19/Oct/2015:09:31:38 +0800] "GET /webclient/AssetBundles/FX/VFX/BossPC059_S04_Part04.unity3d HTTP/1.1" 304 0 "-" "Mozilla/5.0 (Windows NT 6.1; WOW64; Trident/7.0; rv:11.0) like Gecko"
192.168.30.37 - - [19/Oct/2015:09:31:38 +0800] "GET /webclient/AssetBundles/FX/VFX/BossPC059_S04_Part03.unity3d HTTP/1.1" 304 0 "-" "Mozilla/5.0 (Windows NT 6.1; WOW64; Trident/7.0; rv:11.0) like Gecko"
192.168.30.37 - - [19/Oct/2015:09:31:38 +0800] "GET /webclient/AssetBundles/FX/VFX/BossPC059_S04_Part02.unity3d HTTP/1.1" 304 0 "-" "Mozilla/5.0 (Windows NT 6.1; WOW64; Trident/7.0; rv:11.0) like Gecko"
192.168.30.37 - - [19/Oct/2015:09:31:38 +0800] "GET /webclient/AssetBundles/FX/VFX/BossPC059_S04_Part01.unity3d HTTP/1.1" 304 0 "-" "Mozilla/5.0 (Windows NT 6.1; WOW64; Trident/7.0; rv:11.0) like Gecko"
192.168.30.37 - - [19/Oct/2015:09:31:38 +0800] "GET /webclient/AssetBundles/FX/VFX/Bosspc059_S03_Part03.unity3d HTTP/1.1" 304 0 "-" "Mozilla/5.0 (Windows NT 6.1; WOW64; Trident/7.0; rv:11.0) like Gecko"
192.168.30.37 - - [19/Oct/2015:09:31:38 +0800] "GET /webclient/AssetBundles/FX/VFX/Bosspc059_S03_Part02.unity3d HTTP/1.1" 304 0 "-" "Mozilla/5.0 (Windows NT 6.1; WOW64; Trident/7.0; rv:11.0) like Gecko"
10.0.128.233 - - [19/Oct/2015:09:31:38 +0800] "GET /cc/speed_check_config HTTP/1.1" 200 15 "-" "-"
10.0.128.233 - - [19/Oct/2015:09:31:38 +0800] "GET /cc/package_sign HTTP/1.1" 200 5 "-" "-"
192.168.30.37 - - [19/Oct/2015:09:31:38 +0800] "GET /webclient/AssetBundles/FX/VFX/Bosspc059_S03_Part01.unity3d HTTP/1.1" 304 0 "-" "Mozilla/5.0 (Windows NT 6.1; WOW64; Trident/7.0; rv:11.0) like Gecko"
192.168.30.37 - - [19/Oct/2015:09:31:39 +0800] "GET /webclient/AssetBundles/FX/VFX/Bosspc059_S02_Part01.unity3d HTTP/1.1" 304 0 "-" "Mozilla/5.0 (Windows NT 6.1; WOW64; Trident/7.0; rv:11.0) like Gecko"
192.168.30.37 - - [19/Oct/2015:09:31:39 +0800] "GET /webclient/AssetBundles/FX/VFX/BossPC059_S01_Part01.unity3d HTTP/1.1" 304 0 "-" "Mozilla/5.0 (Windows NT 6.1; WOW64; Trident/7.0; rv:11.0) like Gecko"
192.168.30.37 - - [19/Oct/2015:09:31:39 +0800] "GET /webclient/AssetBundles/FX/VFX/BossPC059_Walk.unity3d HTTP/1.1" 304 0 "-" "Mozilla/5.0 (Windows NT 6.1; WOW64; Trident/7.0; rv:11.0) like Gecko"
192.168.30.37 - - [19/Oct/2015:09:31:39 +0800] "GET /webclient/AssetBundles/FX/VFX/BossPC059_A03_Part01.unity3d HTTP/1.1" 304 0 "-" "Mozilla/5.0 (Windows NT 6.1; WOW64; Trident/7.0; rv:11.0) like Gecko"
192.168.30.37 - - [19/Oct/2015:09:31:39 +0800] "GET /webclient/AssetBundles/FX/VFX/BossPC059_A02_Part01.unity3d HTTP/1.1" 304 0 "-" "Mozilla/5.0 (Windows NT 6.1; WOW64; Trident/7.0; rv:11.0) like Gecko"
192.168.30.37 - - [19/Oct/2015:09:31:39 +0800] "GET /webclient/AssetBundles/FX/VFX/BossPC059_A01_Part01.unity3d HTTP/1.1" 304 0 "-" "Mozilla/5.0 (Windows NT 6.1; WOW64; Trident/7.0; rv:11.0) like Gecko"
192.168.30.37 - - [19/Oct/2015:09:31:39 +0800] "GET /webclient/AssetBundles/FX/VFX/BossPC059_Idle.unity3d HTTP/1.1" 304 0 "-" "Mozilla/5.0 (Windows NT 6.1; WOW64; Trident/7.0; rv:11.0) like Gecko"
192.168.30.37 - - [19/Oct/2015:09:31:39 +0800] "GET /webclient/AssetBundles/FX/VFX/All_AttackGround_Smoke_H.unity3d HTTP/1.1" 304 0 "-" "Mozilla/5.0 (Windows NT 6.1; WOW64; Trident/7.0; rv:11.0) like Gecko"
192.168.30.37 - - [19/Oct/2015:09:31:39 +0800] "GET /webclient/AssetBundles/FX/VFX/BossPC027_A03_Part01.unity3d HTTP/1.1" 304 0 "-" "Mozilla/5.0 (Windows NT 6.1; WOW64; Trident/7.0; rv:11.0) like Gecko"
192.168.30.37 - - [19/Oct/2015:09:31:39 +0800] "GET /webclient/AssetBundles/UI/Texture/Icon/Common/jinbida.unity3d HTTP/1.1" 304 0 "-" "Mozilla/5.0 (Windows NT 6.1; WOW64; Trident/7.0; rv:11.0) like Gecko"
192.168.30.37 - - [19/Oct/2015:09:31:39 +0800] "GET /webclient/AssetBundles/UI/Texture/Icon/Common/lhshi2.unity3d HTTP/1.1" 304 0 "-" "Mozilla/5.0 (Windows NT 6.1; WOW64; Trident/7.0; rv:11.0) like Gecko"
192.168.30.37 - - [19/Oct/2015:09:31:39 +0800] "GET /webclient/AssetBundles/UI/Texture/Icon/Common/lhshi22.unity3d HTTP/1.1" 304 0 "-" "Mozilla/5.0 (Windows NT 6.1; WOW64; Trident/7.0; rv:11.0) like Gecko"
192.168.30.37 - - [19/Oct/2015:09:31:39 +0800] "GET /webclient/AssetBundles/UI/Texture/FigureRD/boss27.unity3d HTTP/1.1" 304 0 "-" "Mozilla/5.0 (Windows NT 6.1; WOW64; Trident/7.0; rv:11.0) like Gecko"
192.168.30.37 - - [19/Oct/2015:09:31:39 +0800] "GET /webclient/AssetBundles/UI/Texture/Icon/Common/jylv.unity3d HTTP/1.1" 304 0 "-" "Mozilla/5.0 (Windows NT 6.1; WOW64; Trident/7.0; rv:11.0) like Gecko"
192.168.30.37 - - [19/Oct/2015:09:31:39 +0800] "GET /webclient/AssetBundles/UI/Texture/Icon/Common/jylan.unity3d HTTP/1.1" 304 0 "-" "Mozilla/5.0 (Windows NT 6.1; WOW64; Trident/7.0; rv:11.0) like Gecko"
192.168.30.37 - - [19/Oct/2015:09:31:39 +0800] "GET /webclient/AssetBundles/UI/Texture/Icon/Common/jyzi.unity3d HTTP/1.1" 304 0 "-" "Mozilla/5.0 (Windows NT 6.1; WOW64; Trident/7.0; rv:11.0) like Gecko"
192.168.30.37 - - [19/Oct/2015:09:31:39 +0800] "GET /webclient/AssetBundles/UI/Texture/Icon/Common/jyjin.unity3d HTTP/1.1" 304 0 "-" "Mozilla/5.0 (Windows NT 6.1; WOW64; Trident/7.0; rv:11.0) like Gecko"
192.168.30.37 - - [19/Oct/2015:09:31:39 +0800] "GET /webclient/AssetBundles/UI/Texture/Icon/Common/jinanj.unity3d HTTP/1.1" 304 0 "-" "Mozilla/5.0 (Windows NT 6.1; WOW64; Trident/7.0; rv:11.0) like Gecko"
192.168.30.37 - - [19/Oct/2015:09:31:39 +0800] "GET /webclient/AssetBundles/UI/Texture/Icon/Common/dage.unity3d HTTP/1.1" 304 0 "-" "Mozilla/5.0 (Windows NT 6.1; WOW64; Trident/7.0; rv:11.0) like Gecko"
192.168.30.37 - - [19/Oct/2015:09:31:39 +0800] "GET /webclient/AssetBundles/UI/Texture/Icon/Common/chuizi.unity3d HTTP/1.1" 304 0 "-" "Mozilla/5.0 (Windows NT 6.1; WOW64; Trident/7.0; rv:11.0) like Gecko"
192.168.30.37 - - [19/Oct/2015:09:31:39 +0800] "GET /webclient/AssetBundles/UI/Texture/Icon/Item/shengxingyaodai.unity3d HTTP/1.1" 304 0 "-" "Mozilla/5.0 (Windows NT 6.1; WOW64; Trident/7.0; rv:11.0) like Gecko"
192.168.30.37 - - [19/Oct/2015:09:31:39 +0800] "GET /webclient/AssetBundles/UI/Texture/Icon/Item/shoutao8.unity3d HTTP/1.1" 304 0 "-" "Mozilla/5.0 (Windows NT 6.1; WOW64; Trident/7.0; rv:11.0) like Gecko"
192.168.30.37 - - [19/Oct/2015:09:31:39 +0800] "GET /webclient/AssetBundles/UI/Texture/Icon/Item/shengxing1.unity3d HTTP/1.1" 304 0 "-" "Mozilla/5.0 (Windows NT 6.1; WOW64; Trident/7.0; rv:11.0) like Gecko"
192.168.30.37 - - [19/Oct/2015:09:31:39 +0800] "GET /webclient/AssetBundles/UI/Texture/Icon/Item/shipin8.unity3d HTTP/1.1" 304 0 "-" "Mozilla/5.0 (Windows NT 6.1; WOW64; Trident/7.0; rv:11.0) like Gecko"
192.168.30.37 - - [19/Oct/2015:09:31:39 +0800] "GET /webclient/AssetBundles/UI/Texture/Icon/Item/shangyi8.unity3d HTTP/1.1" 304 0 "-" "Mozilla/5.0 (Windows NT 6.1; WOW64; Trident/7.0; rv:11.0) like Gecko"
192.168.30.37 - - [19/Oct/2015:09:31:39 +0800] "GET /webclient/AssetBundles/UI/Texture/Icon/Item/xiezi8.unity3d HTTP/1.1" 304 0 "-" "Mozilla/5.0 (Windows NT 6.1; WOW64; Trident/7.0; rv:11.0) like Gecko"
192.168.30.37 - - [19/Oct/2015:09:31:39 +0800] "GET /webclient/AssetBundles/UI/Texture/Icon/Item/kuzi8.unity3d HTTP/1.1" 304 0 "-" "Mozilla/5.0 (Windows NT 6.1; WOW64; Trident/7.0; rv:11.0) like Gecko"
192.168.30.37 - - [19/Oct/2015:09:31:39 +0800] "GET /webclient/AssetBundles/UI/Texture/Icon/Item/shengxing0.unity3d HTTP/1.1" 304 0 "-" "Mozilla/5.0 (Windows NT 6.1; WOW64; Trident/7.0; rv:11.0) like Gecko"
192.168.30.37 - - [19/Oct/2015:09:31:39 +0800] "GET /webclient/AssetBundles/UI/Texture/Icon/Item/yaodai8.unity3d HTTP/1.1" 304 0 "-" "Mozilla/5.0 (Windows NT 6.1; WOW64; Trident/7.0; rv:11.0) like Gecko"
192.168.30.37 - - [19/Oct/2015:09:31:39 +0800] "GET /webclient/AssetBundles/UI/Texture/Figure/boss27.unity3d HTTP/1.1" 200 21126 "-" "Mozilla/5.0 (Windows NT 6.1; WOW64; Trident/7.0; rv:11.0) like Gecko"
192.168.30.37 - - [19/Oct/2015:09:31:39 +0800] "GET /webclient/AssetBundles/Audio/BackGround/zhuchangjing.unity3d HTTP/1.1" 304 0 "-" "Mozilla/5.0 (Windows NT 6.1; WOW64; Trident/7.0; rv:11.0) like Gecko"
192.168.30.37 - - [19/Oct/2015:09:31:41 +0800] "GET /webclient/AssetBundles/FX/VFX/UI_VFX_02.unity3d HTTP/1.1" 200 15411 "-" "Mozilla/5.0 (Windows NT 6.1; WOW64; Trident/7.0; rv:11.0) like Gecko"
10.0.128.228 - - [19/Oct/2015:09:31:42 +0800] "GET /cc/report?zid=1&online=0 HTTP/1.1" 200 5 "-" "-"
192.168.30.37 - - [19/Oct/2015:09:31:48 +0800] "GET /webclient/AssetBundles/UI/Texture/Icon/Item/baoxiang.unity3d HTTP/1.1" 304 0 "-" "Mozilla/5.0 (Windows NT 6.1; WOW64; Trident/7.0; rv:11.0) like Gecko"
192.168.30.37 - - [19/Oct/2015:09:31:49 +0800] "GET /webclient/AssetBundles/UI/Texture/FigureRD/boss24.unity3d HTTP/1.1" 200 12606 "-" "Mozilla/5.0 (Windows NT 6.1; WOW64; Trident/7.0; rv:11.0) like Gecko"
192.168.30.37 - - [19/Oct/2015:09:31:49 +0800] "GET /webclient/AssetBundles/UI/Texture/Icon/Common/jinengdian.unity3d HTTP/1.1" 200 2343 "-" "Mozilla/5.0 (Windows NT 6.1; WOW64; Trident/7.0; rv:11.0) like Gecko"
192.168.30.37 - - [19/Oct/2015:09:31:49 +0800] "GET /webclient/AssetBundles/UI/Texture/Icon/Common/tiliicon.unity3d HTTP/1.1" 304 0 "-" "Mozilla/5.0 (Windows NT 6.1; WOW64; Trident/7.0; rv:11.0) like Gecko"
10.0.128.10 - - [19/Oct/2015:09:32:17 +0800] "GET /cc/report?zid=7&online=0 HTTP/1.1" 200 5 "-" "-"
10.0.128.233 - - [19/Oct/2015:09:32:17 +0800] "GET /cc/report?zid=101&online=1 HTTP/1.1" 200 5 "-" "-"
10.0.128.223 - - [19/Oct/2015:09:32:28 +0800] "GET /cc/report?zid=6&online=0 HTTP/1.1" 200 5 "-" "-"
10.0.128.223 - - [19/Oct/2015:09:32:31 +0800] "GET /cc/speed_check_config HTTP/1.1" 200 15 "-" "-"
10.0.128.223 - - [19/Oct/2015:09:32:31 +0800] "GET /cc/package_sign HTTP/1.1" 200 5 "-" "-"
10.0.128.228 - - [19/Oct/2015:09:32:36 +0800] "GET /cc/speed_check_config HTTP/1.1" 200 15 "-" "-"
10.0.128.228 - - [19/Oct/2015:09:32:36 +0800] "GET /cc/package_sign HTTP/1.1" 200 5 "-" "-"
10.0.128.233 - - [19/Oct/2015:09:32:38 +0800] "GET /cc/speed_check_config HTTP/1.1" 200 15 "-" "-"
10.0.128.233 - - [19/Oct/2015:09:32:38 +0800] "GET /cc/package_sign HTTP/1.1" 200 5 "-" "-"
10.0.128.228 - - [19/Oct/2015:09:32:42 +0800] "GET /cc/report?zid=1&online=0 HTTP/1.1" 200 5 "-" "-"
10.0.128.10 - - [19/Oct/2015:09:33:17 +0800] "GET /cc/report?zid=7&online=0 HTTP/1.1" 200 5 "-" "-"
10.0.128.233 - - [19/Oct/2015:09:33:17 +0800] "GET /cc/report?zid=101&online=1 HTTP/1.1" 200 5 "-" "-"
10.0.128.223 - - [19/Oct/2015:09:33:28 +0800] "GET /cc/report?zid=6&online=0 HTTP/1.1" 200 5 "-" "-"
10.0.128.223 - - [19/Oct/2015:09:33:31 +0800] "GET /cc/speed_check_config HTTP/1.1" 200 15 "-" "-"
10.0.128.223 - - [19/Oct/2015:09:33:31 +0800] "GET /cc/package_sign HTTP/1.1" 200 5 "-" "-"
10.0.128.228 - - [19/Oct/2015:09:33:36 +0800] "GET /cc/speed_check_config HTTP/1.1" 200 15 "-" "-"
10.0.128.228 - - [19/Oct/2015:09:33:36 +0800] "GET /cc/package_sign HTTP/1.1" 200 5 "-" "-"
10.0.128.233 - - [19/Oct/2015:09:33:38 +0800] "GET /cc/speed_check_config HTTP/1.1" 200 15 "-" "-"
10.0.128.233 - - [19/Oct/2015:09:33:38 +0800] "GET /cc/package_sign HTTP/1.1" 200 5 "-" "-"
10.0.128.228 - - [19/Oct/2015:09:33:42 +0800] "GET /cc/report?zid=1&online=0 HTTP/1.1" 200 5 "-" "-"
10.0.128.10 - - [19/Oct/2015:09:34:17 +0800] "GET /cc/report?zid=7&online=0 HTTP/1.1" 200 5 "-" "-"
10.0.128.233 - - [19/Oct/2015:09:34:17 +0800] "GET /cc/report?zid=101&online=1 HTTP/1.1" 200 5 "-" "-"
10.0.128.223 - - [19/Oct/2015:09:34:29 +0800] "GET /cc/report?zid=6&online=0 HTTP/1.1" 200 5 "-" "-"
10.0.128.223 - - [19/Oct/2015:09:34:31 +0800] "GET /cc/speed_check_config HTTP/1.1" 200 15 "-" "-"
10.0.128.223 - - [19/Oct/2015:09:34:31 +0800] "GET /cc/package_sign HTTP/1.1" 200 5 "-" "-"
10.0.128.228 - - [19/Oct/2015:09:34:36 +0800] "GET /cc/speed_check_config HTTP/1.1" 200 15 "-" "-"
10.0.128.228 - - [19/Oct/2015:09:34:36 +0800] "GET /cc/package_sign HTTP/1.1" 200 5 "-" "-"
10.0.128.233 - - [19/Oct/2015:09:34:38 +0800] "GET /cc/speed_check_config HTTP/1.1" 200 15 "-" "-"
10.0.128.233 - - [19/Oct/2015:09:34:38 +0800] "GET /cc/package_sign HTTP/1.1" 200 5 "-" "-"
10.0.128.228 - - [19/Oct/2015:09:34:42 +0800] "GET /cc/report?zid=1&online=0 HTTP/1.1" 200 5 "-" "-"
10.0.128.10 - - [19/Oct/2015:09:35:17 +0800] "GET /cc/report?zid=7&online=0 HTTP/1.1" 200 5 "-" "-"
10.0.128.233 - - [19/Oct/2015:09:35:17 +0800] "GET /cc/report?zid=101&online=1 HTTP/1.1" 200 5 "-" "-"
10.0.128.223 - - [19/Oct/2015:09:35:29 +0800] "GET /cc/report?zid=6&online=0 HTTP/1.1" 200 5 "-" "-"
10.0.128.223 - - [19/Oct/2015:09:35:31 +0800] "GET /cc/speed_check_config HTTP/1.1" 200 15 "-" "-"
10.0.128.223 - - [19/Oct/2015:09:35:31 +0800] "GET /cc/package_sign HTTP/1.1" 200 5 "-" "-"
10.0.128.228 - - [19/Oct/2015:09:35:36 +0800] "GET /cc/speed_check_config HTTP/1.1" 200 15 "-" "-"
10.0.128.228 - - [19/Oct/2015:09:35:36 +0800] "GET /cc/package_sign HTTP/1.1" 200 5 "-" "-"
10.0.128.233 - - [19/Oct/2015:09:35:38 +0800] "GET /cc/speed_check_config HTTP/1.1" 200 15 "-" "-"
10.0.128.233 - - [19/Oct/2015:09:35:38 +0800] "GET /cc/package_sign HTTP/1.1" 200 5 "-" "-"
10.0.128.228 - - [19/Oct/2015:09:35:43 +0800] "GET /cc/report?zid=1&online=0 HTTP/1.1" 200 5 "-" "-"
10.0.128.10 - - [19/Oct/2015:09:36:17 +0800] "GET /cc/report?zid=7&online=0 HTTP/1.1" 200 5 "-" "-"
10.0.128.233 - - [19/Oct/2015:09:36:17 +0800] "GET /cc/report?zid=101&online=1 HTTP/1.1" 200 5 "-" "-"
10.0.128.223 - - [19/Oct/2015:09:36:29 +0800] "GET /cc/report?zid=6&online=0 HTTP/1.1" 200 5 "-" "-"
10.0.128.223 - - [19/Oct/2015:09:36:31 +0800] "GET /cc/speed_check_config HTTP/1.1" 200 15 "-" "-"
10.0.128.223 - - [19/Oct/2015:09:36:31 +0800] "GET /cc/package_sign HTTP/1.1" 200 5 "-" "-"
10.0.128.228 - - [19/Oct/2015:09:36:36 +0800] "GET /cc/speed_check_config HTTP/1.1" 200 15 "-" "-"
10.0.128.228 - - [19/Oct/2015:09:36:36 +0800] "GET /cc/package_sign HTTP/1.1" 200 5 "-" "-"
10.0.128.233 - - [19/Oct/2015:09:36:38 +0800] "GET /cc/speed_check_config HTTP/1.1" 200 15 "-" "-"
10.0.128.233 - - [19/Oct/2015:09:36:38 +0800] "GET /cc/package_sign HTTP/1.1" 200 5 "-" "-"
10.0.128.228 - - [19/Oct/2015:09:36:43 +0800] "GET /cc/report?zid=1&online=0 HTTP/1.1" 200 5 "-" "-"
10.0.128.10 - - [19/Oct/2015:09:37:17 +0800] "GET /cc/report?zid=7&online=0 HTTP/1.1" 200 5 "-" "-"
10.0.128.10 - - [19/Oct/2015:09:37:17 +0800] "GET /cc/query_hottime_info HTTP/1.1" 200 5 "-" "-"
10.0.128.233 - - [19/Oct/2015:09:37:17 +0800] "GET /cc/report?zid=101&online=1 HTTP/1.1" 200 5 "-" "-"
10.0.128.223 - - [19/Oct/2015:09:37:29 +0800] "GET /cc/report?zid=6&online=0 HTTP/1.1" 200 5 "-" "-"
10.0.128.223 - - [19/Oct/2015:09:37:31 +0800] "GET /cc/speed_check_config HTTP/1.1" 200 15 "-" "-"
10.0.128.223 - - [19/Oct/2015:09:37:31 +0800] "GET /cc/package_sign HTTP/1.1" 200 5 "-" "-"
10.0.128.228 - - [19/Oct/2015:09:37:36 +0800] "GET /cc/speed_check_config HTTP/1.1" 200 15 "-" "-"
10.0.128.228 - - [19/Oct/2015:09:37:37 +0800] "GET /cc/package_sign HTTP/1.1" 200 5 "-" "-"
10.0.128.233 - - [19/Oct/2015:09:37:38 +0800] "GET /cc/speed_check_config HTTP/1.1" 200 15 "-" "-"
10.0.128.233 - - [19/Oct/2015:09:37:38 +0800] "GET /cc/package_sign HTTP/1.1" 200 5 "-" "-"
10.0.128.228 - - [19/Oct/2015:09:37:43 +0800] "GET /cc/report?zid=1&online=0 HTTP/1.1" 200 5 "-" "-"
10.0.128.10 - - [19/Oct/2015:09:38:17 +0800] "GET /cc/report?zid=7&online=0 HTTP/1.1" 200 5 "-" "-"
10.0.128.10 - - [19/Oct/2015:09:38:17 +0800] "GET /cc/query_hottime_info HTTP/1.1" 200 5 "-" "-"
10.0.128.233 - - [19/Oct/2015:09:38:17 +0800] "GET /cc/report?zid=101&online=1 HTTP/1.1" 200 5 "-" "-"
10.0.128.223 - - [19/Oct/2015:09:38:29 +0800] "GET /cc/report?zid=6&online=0 HTTP/1.1" 200 5 "-" "-"
10.0.128.223 - - [19/Oct/2015:09:38:31 +0800] "GET /cc/speed_check_config HTTP/1.1" 200 15 "-" "-"
10.0.128.223 - - [19/Oct/2015:09:38:31 +0800] "GET /cc/package_sign HTTP/1.1" 200 5 "-" "-"
10.0.128.228 - - [19/Oct/2015:09:38:37 +0800] "GET /cc/speed_check_config HTTP/1.1" 200 15 "-" "-"
10.0.128.228 - - [19/Oct/2015:09:38:37 +0800] "GET /cc/package_sign HTTP/1.1" 200 5 "-" "-"
10.0.128.233 - - [19/Oct/2015:09:38:38 +0800] "GET /cc/speed_check_config HTTP/1.1" 200 15 "-" "-"
10.0.128.233 - - [19/Oct/2015:09:38:38 +0800] "GET /cc/package_sign HTTP/1.1" 200 5 "-" "-"
10.0.128.228 - - [19/Oct/2015:09:38:43 +0800] "GET /cc/report?zid=1&online=0 HTTP/1.1" 200 5 "-" "-"
192.168.18.46 - - [19/Oct/2015:09:38:52 +0800] "GET /favicon.ico HTTP/1.1" 404 3295 "-" "Mozilla/4.0 (compatible; MSIE 7.0; Windows NT 5.1; Trident/4.0; .NET CLR 2.0.50727; 360space)"
10.0.128.10 - - [19/Oct/2015:09:39:17 +0800] "GET /cc/report?zid=7&online=0 HTTP/1.1" 200 5 "-" "-"
10.0.128.10 - - [19/Oct/2015:09:39:17 +0800] "GET /cc/query_hottime_info HTTP/1.1" 200 5 "-" "-"
10.0.128.233 - - [19/Oct/2015:09:39:17 +0800] "GET /cc/report?zid=101&online=1 HTTP/1.1" 200 5 "-" "-"
10.0.128.223 - - [19/Oct/2015:09:39:29 +0800] "GET /cc/report?zid=6&online=0 HTTP/1.1" 200 5 "-" "-"
10.0.128.223 - - [19/Oct/2015:09:39:31 +0800] "GET /cc/speed_check_config HTTP/1.1" 200 15 "-" "-"
10.0.128.223 - - [19/Oct/2015:09:39:31 +0800] "GET /cc/package_sign HTTP/1.1" 200 5 "-" "-"
10.0.128.228 - - [19/Oct/2015:09:39:37 +0800] "GET /cc/speed_check_config HTTP/1.1" 200 15 "-" "-"
10.0.128.228 - - [19/Oct/2015:09:39:37 +0800] "GET /cc/package_sign HTTP/1.1" 200 5 "-" "-"
10.0.128.233 - - [19/Oct/2015:09:39:38 +0800] "GET /cc/speed_check_config HTTP/1.1" 200 15 "-" "-"
10.0.128.233 - - [19/Oct/2015:09:39:38 +0800] "GET /cc/package_sign HTTP/1.1" 200 5 "-" "-"
10.0.128.228 - - [19/Oct/2015:09:39:43 +0800] "GET /cc/report?zid=1&online=0 HTTP/1.1" 200 5 "-" "-"
10.0.128.10 - - [19/Oct/2015:09:40:17 +0800] "GET /cc/report?zid=7&online=0 HTTP/1.1" 200 5 "-" "-"
10.0.128.10 - - [19/Oct/2015:09:40:17 +0800] "GET /cc/query_hottime_info HTTP/1.1" 200 5 "-" "-"
10.0.128.233 - - [19/Oct/2015:09:40:17 +0800] "GET /cc/report?zid=101&online=1 HTTP/1.1" 200 5 "-" "-"
10.0.128.223 - - [19/Oct/2015:09:40:29 +0800] "GET /cc/report?zid=6&online=0 HTTP/1.1" 200 5 "-" "-"
10.0.128.223 - - [19/Oct/2015:09:40:31 +0800] "GET /cc/speed_check_config HTTP/1.1" 200 15 "-" "-"
10.0.128.223 - - [19/Oct/2015:09:40:31 +0800] "GET /cc/package_sign HTTP/1.1" 200 5 "-" "-"
192.168.30.36 - - [19/Oct/2015:09:40:36 +0800] "GET /favicon.ico HTTP/1.1" 404 3295 "-" "Mozilla/5.0 (compatible; MSIE 10.0; Windows NT 6.1; WOW64; Trident/6.0; QQBrowser/8.2.4258.400)"
192.168.30.36 - - [19/Oct/2015:09:40:36 +0800] "GET /favicon.ico HTTP/1.1" 404 3295 "-" "Mozilla/5.0 (compatible; MSIE 10.0; Windows NT 6.1; WOW64; Trident/6.0; QQBrowser/8.2.4258.400)"
10.0.128.228 - - [19/Oct/2015:09:40:37 +0800] "GET /cc/speed_check_config HTTP/1.1" 200 15 "-" "-"
10.0.128.228 - - [19/Oct/2015:09:40:37 +0800] "GET /cc/package_sign HTTP/1.1" 200 5 "-" "-"
10.0.128.233 - - [19/Oct/2015:09:40:38 +0800] "GET /cc/speed_check_config HTTP/1.1" 200 15 "-" "-"
10.0.128.233 - - [19/Oct/2015:09:40:38 +0800] "GET /cc/package_sign HTTP/1.1" 200 5 "-" "-"
10.0.128.228 - - [19/Oct/2015:09:40:43 +0800] "GET /cc/report?zid=1&online=0 HTTP/1.1" 200 5 "-" "-"
10.0.128.10 - - [19/Oct/2015:09:41:17 +0800] "GET /cc/report?zid=7&online=0 HTTP/1.1" 200 5 "-" "-"
10.0.128.10 - - [19/Oct/2015:09:41:17 +0800] "GET /cc/query_hottime_info HTTP/1.1" 200 5 "-" "-"
10.0.128.233 - - [19/Oct/2015:09:41:17 +0800] "GET /cc/report?zid=101&online=1 HTTP/1.1" 200 5 "-" "-"
10.0.128.223 - - [19/Oct/2015:09:41:29 +0800] "GET /cc/report?zid=6&online=0 HTTP/1.1" 200 5 "-" "-"
10.0.128.223 - - [19/Oct/2015:09:41:31 +0800] "GET /cc/speed_check_config HTTP/1.1" 200 15 "-" "-"
10.0.128.223 - - [19/Oct/2015:09:41:31 +0800] "GET /cc/package_sign HTTP/1.1" 200 5 "-" "-"
10.0.128.228 - - [19/Oct/2015:09:41:37 +0800] "GET /cc/speed_check_config HTTP/1.1" 200 15 "-" "-"
10.0.128.228 - - [19/Oct/2015:09:41:37 +0800] "GET /cc/package_sign HTTP/1.1" 200 5 "-" "-"
10.0.128.233 - - [19/Oct/2015:09:41:38 +0800] "GET /cc/speed_check_config HTTP/1.1" 200 15 "-" "-"
10.0.128.233 - - [19/Oct/2015:09:41:38 +0800] "GET /cc/package_sign HTTP/1.1" 200 5 "-" "-"
10.0.128.228 - - [19/Oct/2015:09:41:43 +0800] "GET /cc/report?zid=1&online=0 HTTP/1.1" 200 5 "-" "-"
10.0.128.10 - - [19/Oct/2015:09:42:17 +0800] "GET /cc/report?zid=7&online=0 HTTP/1.1" 200 5 "-" "-"
10.0.128.10 - - [19/Oct/2015:09:42:17 +0800] "GET /cc/query_hottime_info HTTP/1.1" 200 5 "-" "-"
10.0.128.233 - - [19/Oct/2015:09:42:17 +0800] "GET /cc/report?zid=101&online=1 HTTP/1.1" 200 5 "-" "-"
10.0.128.223 - - [19/Oct/2015:09:42:29 +0800] "GET /cc/report?zid=6&online=0 HTTP/1.1" 200 5 "-" "-"
10.0.128.223 - - [19/Oct/2015:09:42:31 +0800] "GET /cc/speed_check_config HTTP/1.1" 200 15 "-" "-"
10.0.128.223 - - [19/Oct/2015:09:42:31 +0800] "GET /cc/package_sign HTTP/1.1" 200 5 "-" "-"
10.0.128.228 - - [19/Oct/2015:09:42:37 +0800] "GET /cc/speed_check_config HTTP/1.1" 200 15 "-" "-"
10.0.128.228 - - [19/Oct/2015:09:42:37 +0800] "GET /cc/package_sign HTTP/1.1" 200 5 "-" "-"
10.0.128.233 - - [19/Oct/2015:09:42:38 +0800] "GET /cc/speed_check_config HTTP/1.1" 200 15 "-" "-"
10.0.128.233 - - [19/Oct/2015:09:42:38 +0800] "GET /cc/package_sign HTTP/1.1" 200 5 "-" "-"
10.0.128.228 - - [19/Oct/2015:09:42:43 +0800] "GET /cc/report?zid=1&online=0 HTTP/1.1" 200 5 "-" "-"
192.168.18.46 - - [19/Oct/2015:09:42:54 +0800] "GET /favicon.ico HTTP/1.1" 404 1003 "-" "Mozilla/5.0 (Windows NT 6.1; WOW64) AppleWebKit/537.36 (KHTML, like Gecko) Chrome/31.0.1650.63 Safari/537.36"
10.0.128.10 - - [19/Oct/2015:09:43:17 +0800] "GET /cc/report?zid=7&online=0 HTTP/1.1" 200 5 "-" "-"
10.0.128.10 - - [19/Oct/2015:09:43:17 +0800] "GET /cc/query_hottime_info HTTP/1.1" 200 5 "-" "-"
10.0.128.233 - - [19/Oct/2015:09:43:17 +0800] "GET /cc/report?zid=101&online=1 HTTP/1.1" 200 5 "-" "-"
10.0.128.223 - - [19/Oct/2015:09:43:29 +0800] "GET /cc/report?zid=6&online=0 HTTP/1.1" 200 5 "-" "-"
10.0.128.223 - - [19/Oct/2015:09:43:31 +0800] "GET /cc/speed_check_config HTTP/1.1" 200 15 "-" "-"
10.0.128.223 - - [19/Oct/2015:09:43:31 +0800] "GET /cc/package_sign HTTP/1.1" 200 5 "-" "-"
10.0.128.228 - - [19/Oct/2015:09:43:37 +0800] "GET /cc/speed_check_config HTTP/1.1" 200 15 "-" "-"
10.0.128.228 - - [19/Oct/2015:09:43:37 +0800] "GET /cc/package_sign HTTP/1.1" 200 5 "-" "-"
10.0.128.233 - - [19/Oct/2015:09:43:38 +0800] "GET /cc/speed_check_config HTTP/1.1" 200 15 "-" "-"
10.0.128.233 - - [19/Oct/2015:09:43:38 +0800] "GET /cc/package_sign HTTP/1.1" 200 5 "-" "-"
10.0.128.228 - - [19/Oct/2015:09:43:43 +0800] "GET /cc/report?zid=1&online=0 HTTP/1.1" 200 5 "-" "-"
10.0.128.10 - - [19/Oct/2015:09:44:17 +0800] "GET /cc/report?zid=7&online=0 HTTP/1.1" 200 5 "-" "-"
10.0.128.10 - - [19/Oct/2015:09:44:17 +0800] "GET /cc/query_hottime_info HTTP/1.1" 200 5 "-" "-"
10.0.128.233 - - [19/Oct/2015:09:44:17 +0800] "GET /cc/report?zid=101&online=1 HTTP/1.1" 200 5 "-" "-"
10.0.128.223 - - [19/Oct/2015:09:44:29 +0800] "GET /cc/report?zid=6&online=0 HTTP/1.1" 200 5 "-" "-"
10.0.128.223 - - [19/Oct/2015:09:44:31 +0800] "GET /cc/speed_check_config HTTP/1.1" 200 15 "-" "-"
10.0.128.223 - - [19/Oct/2015:09:44:31 +0800] "GET /cc/package_sign HTTP/1.1" 200 5 "-" "-"
10.0.128.228 - - [19/Oct/2015:09:44:37 +0800] "GET /cc/speed_check_config HTTP/1.1" 200 15 "-" "-"
10.0.128.228 - - [19/Oct/2015:09:44:37 +0800] "GET /cc/package_sign HTTP/1.1" 200 5 "-" "-"
10.0.128.233 - - [19/Oct/2015:09:44:38 +0800] "GET /cc/speed_check_config HTTP/1.1" 200 15 "-" "-"
10.0.128.233 - - [19/Oct/2015:09:44:38 +0800] "GET /cc/package_sign HTTP/1.1" 200 5 "-" "-"
10.0.128.228 - - [19/Oct/2015:09:44:43 +0800] "GET /cc/report?zid=1&online=0 HTTP/1.1" 200 5 "-" "-"
10.0.128.10 - - [19/Oct/2015:09:45:17 +0800] "GET /cc/report?zid=7&online=0 HTTP/1.1" 200 5 "-" "-"
10.0.128.10 - - [19/Oct/2015:09:45:17 +0800] "GET /cc/query_hottime_info HTTP/1.1" 200 5 "-" "-"
10.0.128.233 - - [19/Oct/2015:09:45:17 +0800] "GET /cc/report?zid=101&online=1 HTTP/1.1" 200 5 "-" "-"
10.0.128.223 - - [19/Oct/2015:09:45:29 +0800] "GET /cc/report?zid=6&online=0 HTTP/1.1" 200 5 "-" "-"
10.0.128.223 - - [19/Oct/2015:09:45:31 +0800] "GET /cc/speed_check_config HTTP/1.1" 200 15 "-" "-"
10.0.128.223 - - [19/Oct/2015:09:45:31 +0800] "GET /cc/package_sign HTTP/1.1" 200 5 "-" "-"
10.0.128.228 - - [19/Oct/2015:09:45:37 +0800] "GET /cc/speed_check_config HTTP/1.1" 200 15 "-" "-"
10.0.128.228 - - [19/Oct/2015:09:45:37 +0800] "GET /cc/package_sign HTTP/1.1" 200 5 "-" "-"
10.0.128.233 - - [19/Oct/2015:09:45:38 +0800] "GET /cc/speed_check_config HTTP/1.1" 200 15 "-" "-"
10.0.128.233 - - [19/Oct/2015:09:45:38 +0800] "GET /cc/package_sign HTTP/1.1" 200 5 "-" "-"
10.0.128.228 - - [19/Oct/2015:09:45:43 +0800] "GET /cc/report?zid=1&online=0 HTTP/1.1" 200 5 "-" "-"
192.168.15.52 - - [19/Oct/2015:09:46:06 +0800] "GET /favicon.ico HTTP/1.1" 404 1003 "-" "Mozilla/5.0 (Windows NT 6.1; WOW64) AppleWebKit/537.36 (KHTML, like Gecko) Chrome/31.0.1650.63 Safari/537.36"
10.0.128.10 - - [19/Oct/2015:09:46:17 +0800] "GET /cc/report?zid=7&online=0 HTTP/1.1" 200 5 "-" "-"
10.0.128.10 - - [19/Oct/2015:09:46:17 +0800] "GET /cc/query_hottime_info HTTP/1.1" 200 5 "-" "-"
10.0.128.233 - - [19/Oct/2015:09:46:17 +0800] "GET /cc/report?zid=101&online=1 HTTP/1.1" 200 5 "-" "-"
10.0.128.223 - - [19/Oct/2015:09:46:29 +0800] "GET /cc/report?zid=6&online=0 HTTP/1.1" 200 5 "-" "-"
10.0.128.223 - - [19/Oct/2015:09:46:31 +0800] "GET /cc/speed_check_config HTTP/1.1" 200 15 "-" "-"
10.0.128.223 - - [19/Oct/2015:09:46:31 +0800] "GET /cc/package_sign HTTP/1.1" 200 5 "-" "-"
10.0.128.228 - - [19/Oct/2015:09:46:37 +0800] "GET /cc/speed_check_config HTTP/1.1" 200 15 "-" "-"
10.0.128.228 - - [19/Oct/2015:09:46:37 +0800] "GET /cc/package_sign HTTP/1.1" 200 5 "-" "-"
10.0.128.233 - - [19/Oct/2015:09:46:38 +0800] "GET /cc/speed_check_config HTTP/1.1" 200 15 "-" "-"
10.0.128.233 - - [19/Oct/2015:09:46:38 +0800] "GET /cc/package_sign HTTP/1.1" 200 5 "-" "-"
10.0.128.228 - - [19/Oct/2015:09:46:43 +0800] "GET /cc/report?zid=1&online=0 HTTP/1.1" 200 5 "-" "-"
10.0.128.10 - - [19/Oct/2015:09:47:17 +0800] "GET /cc/report?zid=7&online=0 HTTP/1.1" 200 5 "-" "-"
10.0.128.10 - - [19/Oct/2015:09:47:17 +0800] "GET /cc/query_hottime_info HTTP/1.1" 200 5 "-" "-"
10.0.128.233 - - [19/Oct/2015:09:47:17 +0800] "GET /cc/report?zid=101&online=1 HTTP/1.1" 200 5 "-" "-"
10.0.128.223 - - [19/Oct/2015:09:47:29 +0800] "GET /cc/report?zid=6&online=0 HTTP/1.1" 200 5 "-" "-"
10.0.128.223 - - [19/Oct/2015:09:47:31 +0800] "GET /cc/speed_check_config HTTP/1.1" 200 15 "-" "-"
10.0.128.223 - - [19/Oct/2015:09:47:31 +0800] "GET /cc/package_sign HTTP/1.1" 200 5 "-" "-"
10.0.128.228 - - [19/Oct/2015:09:47:37 +0800] "GET /cc/speed_check_config HTTP/1.1" 200 15 "-" "-"
10.0.128.228 - - [19/Oct/2015:09:47:37 +0800] "GET /cc/package_sign HTTP/1.1" 200 5 "-" "-"
10.0.128.233 - - [19/Oct/2015:09:47:38 +0800] "GET /cc/speed_check_config HTTP/1.1" 200 15 "-" "-"
10.0.128.233 - - [19/Oct/2015:09:47:38 +0800] "GET /cc/package_sign HTTP/1.1" 200 5 "-" "-"
10.0.128.228 - - [19/Oct/2015:09:47:43 +0800] "GET /cc/report?zid=1&online=0 HTTP/1.1" 200 5 "-" "-"
10.0.128.10 - - [19/Oct/2015:09:48:17 +0800] "GET /cc/report?zid=7&online=0 HTTP/1.1" 200 5 "-" "-"
10.0.128.10 - - [19/Oct/2015:09:48:17 +0800] "GET /cc/query_hottime_info HTTP/1.1" 200 5 "-" "-"
10.0.128.233 - - [19/Oct/2015:09:48:17 +0800] "GET /cc/report?zid=101&online=1 HTTP/1.1" 200 5 "-" "-"
10.0.128.223 - - [19/Oct/2015:09:48:29 +0800] "GET /cc/report?zid=6&online=0 HTTP/1.1" 200 5 "-" "-"
10.0.128.223 - - [19/Oct/2015:09:48:31 +0800] "GET /cc/speed_check_config HTTP/1.1" 200 15 "-" "-"
10.0.128.223 - - [19/Oct/2015:09:48:31 +0800] "GET /cc/package_sign HTTP/1.1" 200 5 "-" "-"
10.0.128.228 - - [19/Oct/2015:09:48:37 +0800] "GET /cc/speed_check_config HTTP/1.1" 200 15 "-" "-"
10.0.128.228 - - [19/Oct/2015:09:48:37 +0800] "GET /cc/package_sign HTTP/1.1" 200 5 "-" "-"
10.0.128.233 - - [19/Oct/2015:09:48:38 +0800] "GET /cc/speed_check_config HTTP/1.1" 200 15 "-" "-"
10.0.128.233 - - [19/Oct/2015:09:48:38 +0800] "GET /cc/package_sign HTTP/1.1" 200 5 "-" "-"
10.0.128.228 - - [19/Oct/2015:09:48:43 +0800] "GET /cc/report?zid=1&online=0 HTTP/1.1" 200 5 "-" "-"
10.0.128.10 - - [19/Oct/2015:09:49:17 +0800] "GET /cc/report?zid=7&online=0 HTTP/1.1" 200 5 "-" "-"
10.0.128.10 - - [19/Oct/2015:09:49:17 +0800] "GET /cc/query_hottime_info HTTP/1.1" 200 5 "-" "-"
10.0.128.233 - - [19/Oct/2015:09:49:17 +0800] "GET /cc/report?zid=101&online=1 HTTP/1.1" 200 5 "-" "-"
10.0.128.223 - - [19/Oct/2015:09:49:29 +0800] "GET /cc/report?zid=6&online=0 HTTP/1.1" 200 5 "-" "-"
10.0.128.223 - - [19/Oct/2015:09:49:31 +0800] "GET /cc/speed_check_config HTTP/1.1" 200 15 "-" "-"
10.0.128.223 - - [19/Oct/2015:09:49:31 +0800] "GET /cc/package_sign HTTP/1.1" 200 5 "-" "-"
10.0.128.228 - - [19/Oct/2015:09:49:37 +0800] "GET /cc/speed_check_config HTTP/1.1" 200 15 "-" "-"
10.0.128.228 - - [19/Oct/2015:09:49:37 +0800] "GET /cc/package_sign HTTP/1.1" 200 5 "-" "-"
10.0.128.233 - - [19/Oct/2015:09:49:38 +0800] "GET /cc/speed_check_config HTTP/1.1" 200 15 "-" "-"
10.0.128.233 - - [19/Oct/2015:09:49:39 +0800] "GET /cc/package_sign HTTP/1.1" 200 5 "-" "-"
10.0.128.228 - - [19/Oct/2015:09:49:43 +0800] "GET /cc/report?zid=1&online=0 HTTP/1.1" 200 5 "-" "-"
10.0.128.10 - - [19/Oct/2015:09:50:17 +0800] "GET /cc/report?zid=7&online=0 HTTP/1.1" 200 5 "-" "-"
10.0.128.10 - - [19/Oct/2015:09:50:17 +0800] "GET /cc/query_hottime_info HTTP/1.1" 200 5 "-" "-"
10.0.128.233 - - [19/Oct/2015:09:50:17 +0800] "GET /cc/report?zid=101&online=1 HTTP/1.1" 200 5 "-" "-"
10.0.128.223 - - [19/Oct/2015:09:50:29 +0800] "GET /cc/report?zid=6&online=0 HTTP/1.1" 200 5 "-" "-"
10.0.128.223 - - [19/Oct/2015:09:50:31 +0800] "GET /cc/speed_check_config HTTP/1.1" 200 15 "-" "-"
10.0.128.223 - - [19/Oct/2015:09:50:31 +0800] "GET /cc/package_sign HTTP/1.1" 200 5 "-" "-"
10.0.128.228 - - [19/Oct/2015:09:50:37 +0800] "GET /cc/speed_check_config HTTP/1.1" 200 15 "-" "-"
10.0.128.228 - - [19/Oct/2015:09:50:37 +0800] "GET /cc/package_sign HTTP/1.1" 200 5 "-" "-"
10.0.128.233 - - [19/Oct/2015:09:50:39 +0800] "GET /cc/speed_check_config HTTP/1.1" 200 15 "-" "-"
10.0.128.233 - - [19/Oct/2015:09:50:39 +0800] "GET /cc/package_sign HTTP/1.1" 200 5 "-" "-"
10.0.128.228 - - [19/Oct/2015:09:50:43 +0800] "GET /cc/report?zid=1&online=0 HTTP/1.1" 200 5 "-" "-"
10.0.128.233 - - [19/Oct/2015:09:51:17 +0800] "GET /cc/report?zid=101&online=1 HTTP/1.1" 200 5 "-" "-"
10.0.128.10 - - [19/Oct/2015:09:51:18 +0800] "GET /cc/query_hottime_info HTTP/1.1" 200 5 "-" "-"
10.0.128.10 - - [19/Oct/2015:09:51:18 +0800] "GET /cc/report?zid=7&online=0 HTTP/1.1" 200 5 "-" "-"
10.0.128.223 - - [19/Oct/2015:09:51:29 +0800] "GET /cc/report?zid=6&online=0 HTTP/1.1" 200 5 "-" "-"
10.0.128.223 - - [19/Oct/2015:09:51:31 +0800] "GET /cc/speed_check_config HTTP/1.1" 200 15 "-" "-"
10.0.128.223 - - [19/Oct/2015:09:51:31 +0800] "GET /cc/package_sign HTTP/1.1" 200 5 "-" "-"
10.0.128.228 - - [19/Oct/2015:09:51:37 +0800] "GET /cc/speed_check_config HTTP/1.1" 200 15 "-" "-"
